
Memory Configuration

Name             Origin             Length             Attributes
*default*        0x00000000         0xffffffff

Linker script and memory map

LOAD main.o
LOAD putchar.o
LOAD exit.o
                0x08048000                PROVIDE (__executable_start, 0x8048000)
                0x08048074                . = (0x8048000 + SIZEOF_HEADERS)

.interp
 *(.interp)

.hash
 *(.hash)

.dynsym
 *(.dynsym)

.dynstr
 *(.dynstr)

.gnu.version
 *(.gnu.version)

.gnu.version_d
 *(.gnu.version_d)

.gnu.version_r
 *(.gnu.version_r)

.rel.dyn
 *(.rel.init)
 *(.rel.text .rel.text.* .rel.gnu.linkonce.t.*)
 *(.rel.fini)
 *(.rel.rodata .rel.rodata.* .rel.gnu.linkonce.r.*)
 *(.rel.data .rel.data.* .rel.gnu.linkonce.d.*)
 *(.rel.tdata .rel.tdata.* .rel.gnu.linkonce.td.*)
 *(.rel.tbss .rel.tbss.* .rel.gnu.linkonce.tb.*)
 *(.rel.ctors)
 *(.rel.dtors)
 *(.rel.got)
 *(.rel.bss .rel.bss.* .rel.gnu.linkonce.b.*)

.rela.dyn
 *(.rela.init)
 *(.rela.text .rela.text.* .rela.gnu.linkonce.t.*)
 *(.rela.fini)
 *(.rela.rodata .rela.rodata.* .rela.gnu.linkonce.r.*)
 *(.rela.data .rela.data.* .rela.gnu.linkonce.d.*)
 *(.rela.tdata .rela.tdata.* .rela.gnu.linkonce.td.*)
 *(.rela.tbss .rela.tbss.* .rela.gnu.linkonce.tb.*)
 *(.rela.ctors)
 *(.rela.dtors)
 *(.rela.got)
 *(.rela.bss .rela.bss.* .rela.gnu.linkonce.b.*)

.rel.plt
 *(.rel.plt)

.rela.plt
 *(.rela.plt)

.init
 *(.init)

.plt
 *(.plt)

.text           0x08048074       0x8c
 *(.text .stub .text.* .gnu.linkonce.t.*)
 .text          0x08048074       0x58 main.o
                0x08048074                main
 .text          0x080480cc       0x25 putchar.o
                0x080480cc                putc
 *fill*         0x080480f1        0x3 90909090
 .text          0x080480f4        0xc exit.o
                0x080480f4                exit
 *(.gnu.warning)

.fini
 *(.fini)
                0x08048100                PROVIDE (__etext, .)
                0x08048100                PROVIDE (_etext, .)
                0x08048100                PROVIDE (etext, .)

.rodata         0x08048100        0xe
 *(.rodata .rodata.* .gnu.linkonce.r.*)
 .rodata        0x08048100        0xe main.o

.rodata1
 *(.rodata1)

.eh_frame_hdr
 *(.eh_frame_hdr)
                0x0804810e                . = (ALIGN (0x1000) - ((0x1000 - .) & 0xfff))
                0x0804910e                . = (0x1000 DATA_SEGMENT_ALIGN 0x1000)
                0x08049110                . = ALIGN (0x4)
                0x08049110                PROVIDE (__preinit_array_start, .)

.preinit_array
 *(.preinit_array)
                0x08049110                PROVIDE (__preinit_array_end, .)
                0x08049110                PROVIDE (__init_array_start, .)

.init_array
 *(.init_array)
                0x08049110                PROVIDE (__init_array_end, .)
                0x08049110                PROVIDE (__fini_array_start, .)

.fini_array
 *(.fini_array)
                0x08049110                PROVIDE (__fini_array_end, .)

.data           0x08049110        0x4
 *(.data .data.* .gnu.linkonce.d.*)
 .data          0x08049110        0x1 putchar.o
 *fill*         0x08049111        0x3 00

.data1
 *(.data1)

.tdata
 *(.tdata .tdata.* .gnu.linkonce.td.*)

.tbss
 *(.tbss .tbss.* .gnu.linkonce.tb.*)
 *(.tcommon)

.eh_frame
 *(.eh_frame)

.gcc_except_table
 *(.gcc_except_table)

.dynamic
 *(.dynamic)

.ctors
 *crtbegin*.o(.ctors)
 *(EXCLUDE_FILE(*crtend*.o) .ctors)
 *(SORT(.ctors.*))
 *(.ctors)

.dtors
 *crtbegin*.o(.dtors)
 *(EXCLUDE_FILE(*crtend*.o) .dtors)
 *(SORT(.dtors.*))
 *(.dtors)

.jcr
 *(.jcr)

.got
 *(.got.plt)
 *(.got)
                0x08049114                _edata = .
                0x08049114                PROVIDE (edata, .)
                0x08049114                __bss_start = .

.bss            0x08049114        0x0
 *(.dynbss)
 *(.bss .bss.* .gnu.linkonce.b.*)
 *(COMMON)
                0x08049114                . = ALIGN (0x4)
                0x08049114                . = ALIGN (0x4)
                0x08049114                _end = .
                0x08049114                PROVIDE (end, .)
                0x08049114                . = DATA_SEGMENT_END (.)

.stab
 *(.stab)

.stabstr
 *(.stabstr)

.stab.excl
 *(.stab.excl)

.stab.exclstr
 *(.stab.exclstr)

.stab.index
 *(.stab.index)

.stab.indexstr
 *(.stab.indexstr)

.comment        0x00000000       0x12
 *(.comment)
 .comment       0x00000000       0x12 main.o

.debug
 *(.debug)

.line
 *(.line)

.debug_srcinfo
 *(.debug_srcinfo)

.debug_sfnames
 *(.debug_sfnames)

.debug_aranges
 *(.debug_aranges)

.debug_pubnames
 *(.debug_pubnames)

.debug_info
 *(.debug_info .gnu.linkonce.wi.*)

.debug_abbrev
 *(.debug_abbrev)

.debug_line
 *(.debug_line)

.debug_frame
 *(.debug_frame)

.debug_str
 *(.debug_str)

.debug_loc
 *(.debug_loc)

.debug_macinfo
 *(.debug_macinfo)

.debug_weaknames
 *(.debug_weaknames)

.debug_funcnames
 *(.debug_funcnames)

.debug_typenames
 *(.debug_typenames)

.debug_varnames
 *(.debug_varnames)

/DISCARD/
 *(.note.GNU-stack)
OUTPUT(hw elf32-i386)
